...idea...half...icon...idea...cash...grid...kick...cash...joke...hush...heat...idea...heat...home...hand...cash...icon...hook...hole...half...idea...head...heat...home...hand